------------------------------------------------------------
Timing Analyzer Summary
------------------------------------------------------------

Type  : Slow 1200mV 85C Model Setup 'clk_50'
Slack : 2.543
TNS   : 0.000

Type  : Slow 1200mV 85C Model Hold 'clk_50'
Slack : 0.360
TNS   : 0.000

Type  : Slow 1200mV 85C Model Minimum Pulse Width 'SRAM_unit|Clock_100_PLL_inst|altpll_component|auto_generated|pll1|clk[0]'
Slack : 4.760
TNS   : 0.000

Type  : Slow 1200mV 85C Model Minimum Pulse Width 'clk_50'
Slack : 9.493
TNS   : 0.000

Type  : Slow 1200mV 0C Model Setup 'clk_50'
Slack : 4.001
TNS   : 0.000

Type  : Slow 1200mV 0C Model Hold 'clk_50'
Slack : 0.332
TNS   : 0.000

Type  : Slow 1200mV 0C Model Minimum Pulse Width 'SRAM_unit|Clock_100_PLL_inst|altpll_component|auto_generated|pll1|clk[0]'
Slack : 4.754
TNS   : 0.000

Type  : Slow 1200mV 0C Model Minimum Pulse Width 'clk_50'
Slack : 9.532
TNS   : 0.000

Type  : Fast 1200mV 0C Model Setup 'clk_50'
Slack : 11.570
TNS   : 0.000

Type  : Fast 1200mV 0C Model Hold 'clk_50'
Slack : 0.141
TNS   : 0.000

Type  : Fast 1200mV 0C Model Minimum Pulse Width 'SRAM_unit|Clock_100_PLL_inst|altpll_component|auto_generated|pll1|clk[0]'
Slack : 4.776
TNS   : 0.000

Type  : Fast 1200mV 0C Model Minimum Pulse Width 'clk_50'
Slack : 9.373
TNS   : 0.000

------------------------------------------------------------
